main.c:106:9:crc	24	static
main.c:115:6:transmit	4	static
main.c:122:6:cleanTxArr	24	static
main.c:133:6:initPult	8	static
main.c:150:6:updateTimerEvent	8	static
main.c:154:6:normalizeSticValue	4	static
main.c:228:9:pushArrTX	32	static
main.c:255:6:connect_ok	16	static
main.c:261:6:parseArrRX	24	static
main.c:292:5:main	8	static
main.c:369:6:SystemClock_Config	88	static
main.c:407:6:ADC1_2_IRQHandler	8	static
main.c:417:6:HAL_TIM_PeriodElapsedCallback	16	static
main.c:424:6:HAL_ADC_ConvCpltCallback	16	static
main.c:428:6:HAL_UARTEx_RxEventCallback	16	static
main.c:441:6:Error_Handler	4	static,ignoring_inline_asm
