main.c:108:9:crc	24	static
main.c:117:6:transmit	4	static
main.c:124:6:cleanTxArr	24	static
main.c:135:6:initPult	8	static
main.c:154:6:updateTimerEvent	8	static
main.c:158:6:normalizeSticValue	4	static
main.c:232:9:pushArrTX	32	static
main.c:259:6:connect_ok	16	static
main.c:265:6:parseArrRX	24	static
main.c:296:5:main	16	static
main.c:379:6:SystemClock_Config	88	static
main.c:417:6:ADC1_2_IRQHandler	8	static
main.c:427:6:HAL_TIM_PeriodElapsedCallback	16	static
main.c:434:6:HAL_ADC_ConvCpltCallback	16	static
main.c:438:6:HAL_UARTEx_RxEventCallback	16	static
main.c:444:6:HAL_GPIO_EXTI_Callback	16	static
main.c:456:6:Error_Handler	4	static,ignoring_inline_asm
